Status	02c_alignment_all_umitools_STARfix/AG241010_Cyclon-CT_none_120mJ_2_all_dedup.bam	02c_alignment_all_umitools_STARfix/AG241010_Cyclon-NT_none_120mJ_1_all_dedup.bam	02c_alignment_all_umitools_STARfix/none_WT_2_R1_all_dedup.bam	02c_alignment_all_umitools_STARfix/AG241010_Cyclon-NT_none_120mJ_2_all_dedup.bam	02c_alignment_all_umitools_STARfix/AG241010_Cyclon_none_120mJ_2_all_dedup.bam	02c_alignment_all_umitools_STARfix/AG241010_Cyclon_none_120mJ_1_all_dedup.bam	02c_alignment_all_umitools_STARfix/RPP25L_FH-RPP25L_1_R1_all_dedup.bam	02c_alignment_all_umitools_STARfix/RPP25L_FH-RPP25L_2_R1_all_dedup.bam	02c_alignment_all_umitools_STARfix/AG241010_none_none_120mJ_2_all_dedup.bam	02c_alignment_all_umitools_STARfix/none_WT_1_R1_all_dedup.bam	02c_alignment_all_umitools_STARfix/AG241010_Cyclon-CT_none_120mJ_1_all_dedup.bam	02c_alignment_all_umitools_STARfix/AG241010_none_none_120mJ_1_all_dedup.bam
Assigned	458198	360458	25490	497644	423804	706410	787644	318123	24449	10603	164934	12163
Unassigned_Unmapped	0	0	0	0	0	0	0	0	0	0	0	0
Unassigned_Read_Type	0	0	0	0	0	0	0	0	0	0	0	0
Unassigned_Singleton	0	0	0	0	0	0	0	0	0	0	0	0
Unassigned_MappingQuality	0	0	0	0	0	0	0	0	0	0	0	0
Unassigned_Chimera	0	0	0	0	0	0	0	0	0	0	0	0
Unassigned_FragmentLength	0	0	0	0	0	0	0	0	0	0	0	0
Unassigned_Duplicate	0	0	0	0	0	0	0	0	0	0	0	0
Unassigned_MultiMapping	0	0	0	0	0	0	0	0	0	0	0	0
Unassigned_Secondary	0	0	0	0	0	0	0	0	0	0	0	0
Unassigned_NonSplit	0	0	0	0	0	0	0	0	0	0	0	0
Unassigned_NoFeatures	0	0	0	0	0	0	0	0	0	0	0	0
Unassigned_Overlapping_Length	0	0	0	0	0	0	0	0	0	0	0	0
Unassigned_Ambiguity	6739	4960	225	6683	4832	13752	14868	6037	230	164	1939	47
